/Users/ohrinator/Apps/ETFDoc/SPRING.API/src/main/java/com/etfdoc/etfdoc/Controllers/PrivilegesController.java
/Users/ohrinator/Apps/ETFDoc/SPRING.API/src/main/java/com/etfdoc/etfdoc/Repositories/IDocumentRepository.java
/Users/ohrinator/Apps/ETFDoc/SPRING.API/src/main/java/com/etfdoc/etfdoc/Models/Document.java
/Users/ohrinator/Apps/ETFDoc/SPRING.API/src/main/java/com/etfdoc/etfdoc/Models/DocumentBlob.java
/Users/ohrinator/Apps/ETFDoc/SPRING.API/src/main/java/com/etfdoc/etfdoc/Repositories/IAccountRepository.java
/Users/ohrinator/Apps/ETFDoc/SPRING.API/src/main/java/com/etfdoc/etfdoc/config/JwtSecurityConfig.java
/Users/ohrinator/Apps/ETFDoc/SPRING.API/src/main/java/com/etfdoc/etfdoc/Models/Role.java
/Users/ohrinator/Apps/ETFDoc/SPRING.API/src/main/java/com/etfdoc/etfdoc/Services/AccountService.java
/Users/ohrinator/Apps/ETFDoc/SPRING.API/src/main/java/com/etfdoc/etfdoc/EtfdocApplication.java
/Users/ohrinator/Apps/ETFDoc/SPRING.API/src/main/java/com/etfdoc/etfdoc/Repositories/IRoleRepository.java
/Users/ohrinator/Apps/ETFDoc/SPRING.API/src/main/java/com/etfdoc/etfdoc/Filters/JWTAuthenticationFilter.java
/Users/ohrinator/Apps/ETFDoc/SPRING.API/src/main/java/com/etfdoc/etfdoc/ViewModels/RoleVM.java
/Users/ohrinator/Apps/ETFDoc/SPRING.API/src/main/java/com/etfdoc/etfdoc/Filters/CorsFilter.java
/Users/ohrinator/Apps/ETFDoc/SPRING.API/src/main/java/com/etfdoc/etfdoc/Models/Privileges.java
/Users/ohrinator/Apps/ETFDoc/SPRING.API/src/main/java/com/etfdoc/etfdoc/ViewModels/AccountVM.java
/Users/ohrinator/Apps/ETFDoc/SPRING.API/src/main/java/com/etfdoc/etfdoc/Controllers/AccountController.java
/Users/ohrinator/Apps/ETFDoc/SPRING.API/src/main/java/com/etfdoc/etfdoc/Repositories/IDocumentBlobRepository.java
/Users/ohrinator/Apps/ETFDoc/SPRING.API/src/main/java/com/etfdoc/etfdoc/Services/DocumentBlobService.java
/Users/ohrinator/Apps/ETFDoc/SPRING.API/src/main/java/com/etfdoc/etfdoc/Filters/JWTLoginFilter.java
/Users/ohrinator/Apps/ETFDoc/SPRING.API/src/main/java/com/etfdoc/etfdoc/Filters/AccountCredentials.java
/Users/ohrinator/Apps/ETFDoc/SPRING.API/src/main/java/com/etfdoc/etfdoc/Services/TokenAuthenticationService.java
/Users/ohrinator/Apps/ETFDoc/SPRING.API/src/main/java/com/etfdoc/etfdoc/Services/CustomUserDetailsService.java
/Users/ohrinator/Apps/ETFDoc/SPRING.API/src/main/java/com/etfdoc/etfdoc/Models/Account.java
/Users/ohrinator/Apps/ETFDoc/SPRING.API/src/main/java/com/etfdoc/etfdoc/ViewModels/DocumentVM.java
/Users/ohrinator/Apps/ETFDoc/SPRING.API/src/main/java/com/etfdoc/etfdoc/Repositories/IPrivilegesRepository.java
/Users/ohrinator/Apps/ETFDoc/SPRING.API/src/main/java/com/etfdoc/etfdoc/Services/PrivilegesService.java
/Users/ohrinator/Apps/ETFDoc/SPRING.API/src/main/java/com/etfdoc/etfdoc/ViewModels/PrivilegesVM.java
/Users/ohrinator/Apps/ETFDoc/SPRING.API/src/main/java/com/etfdoc/etfdoc/Controllers/DocumentController.java
/Users/ohrinator/Apps/ETFDoc/SPRING.API/src/main/java/com/etfdoc/etfdoc/Services/DocumentService.java
